<?xml version="1.0" encoding="UTF-8"?>
<testsuite name="Cucumber" time="0.07" tests="3" skipped="0" failures="0" errors="0">
<testcase classname="Free CRM create contacts" name="Create contact in Free CRM" time="0.007">
<system-out><![CDATA[
Given User navigates to URL.................................................passed
And User enters the "jainarihant1296@gmail.com" and "Testing@123"...........passed
When User clicks on login...................................................passed
Then User moves to new contact page.........................................passed
Then User enters "Arihant" , "Jain" and "QA"................................passed
Then I close all the browser................................................passed
]]></system-out>
</testcase>
<testcase classname="Free CRM create contacts" name="Create contact in Free CRM - Example #1.1" time="0.001">
<system-out><![CDATA[
Given User navigates to "https://ui.cogmento.com/"..........................passed
And User enters the "jainarihant1296@gmail.com" and "Testing@123"...........passed
When User clicks on login...................................................passed
And User moves to new contact page..........................................passed
And User enters "Arihant" , "Jain" and "QA".................................passed
Then I close all the browser................................................passed
]]></system-out>
</testcase>
<testcase classname="Login to FreeCRM" name="Login to FreeCRM" time="0.001">
<system-out><![CDATA[
Given User navigates to URL.................................................passed
And User enters the "jainarihant1296@gmail.com" and "Testing@123"...........passed
When User clicks on login...................................................passed
Then I close all the browser................................................passed
]]></system-out>
</testcase>
</testsuite>
